// Jest Snapshot v1, https://goo.gl/fbAQLP

exports[`Button component renders \`Button\` properly 1`] = `ShallowWrapper {}`;
